TAP version 13
# Subtest: mocked provider: current revised PUE retrieved; actual fixture usage persisted
ok 1 - mocked provider: current revised PUE retrieved; actual fixture usage persisted
  ---
  duration_ms: 14.795625
  type: 'test'
  ...
# Subtest: mocked provider: untrusted injection kept as data and policy/tool boundaries enforced
ok 2 - mocked provider: untrusted injection kept as data and policy/tool boundaries enforced
  ---
  duration_ms: 1.839916
  type: 'test'
  ...
# Subtest: mocked provider: nonexistent citation corrected once; repeat invalid safely refused
ok 3 - mocked provider: nonexistent citation corrected once; repeat invalid safely refused
  ---
  duration_ms: 1.925417
  type: 'test'
  ...
# Subtest: mocked provider: arbitrary tool rejected, no writes from tools
ok 4 - mocked provider: arbitrary tool rejected, no writes from tools
  ---
  duration_ms: 1.331833
  type: 'test'
  ...
# Subtest: mocked provider: failed request usage unknown, never recorded as zero
ok 5 - mocked provider: failed request usage unknown, never recorded as zero
  ---
  duration_ms: 1.275875
  type: 'test'
  ...
# Subtest: mocked provider: rate limit and AI-disable block before fetch
ok 6 - mocked provider: rate limit and AI-disable block before fetch
  ---
  duration_ms: 0.125959
  type: 'test'
  ...
# Subtest: mocked provider: tool calls do not consume the single citation correction
ok 7 - mocked provider: tool calls do not consume the single citation correction
  ---
  duration_ms: 2.508792
  type: 'test'
  ...
# Subtest: mocked adviser receives conditional preference and separate approval requirements
ok 8 - mocked adviser receives conditional preference and separate approval requirements
  ---
  duration_ms: 1.782833
  type: 'test'
  ...
# Subtest: mocked full research inventory stays bounded and excludes superseded claims
ok 9 - mocked full research inventory stays bounded and excludes superseded claims
  ---
  duration_ms: 2.448584
  type: 'test'
  ...
# Subtest: mocked five parallel tools fit full research context and preserve evidence data
ok 10 - mocked five parallel tools fit full research context and preserve evidence data
  ---
  duration_ms: 3.044833
  type: 'test'
  ...
1..10
# tests 10
# suites 0
# pass 10
# fail 0
# cancelled 0
# skipped 0
# todo 0
# duration_ms 80.175834
