TAP version 13
# (node:2085) ExperimentalWarning: Transform Types is an experimental feature and might change at any time
# (Use `node --trace-warnings ...` to show where the warning was created)
# Subtest: authorization matrix: visitor, unregistered, viewer, editor, admin and foreign team
ok 1 - authorization matrix: visitor, unregistered, viewer, editor, admin and foreign team
  ---
  duration_ms: 0.745958
  type: 'test'
  ...
# Subtest: genuine recorded API response validates exactly three latest historical observations
ok 2 - genuine recorded API response validates exactly three latest historical observations
  ---
  duration_ms: 0.997084
  type: 'test'
  ...
# Subtest: malformed and missing-country API responses reject before persistence
ok 3 - malformed and missing-country API responses reject before persistence
  ---
  duration_ms: 0.152583
  type: 'test'
  ...
# Subtest: citations require retrieved source and supporting linked claim
ok 4 - citations require retrieved source and supporting linked claim
  ---
  duration_ms: 0.21625
  type: 'test'
  ...
# (node:2086) ExperimentalWarning: Transform Types is an experimental feature and might change at any time
# (Use `node --trace-warnings ...` to show where the warning was created)
# Subtest: assignment exact nameplate energy and revised PUE
ok 5 - assignment exact nameplate energy and revised PUE
  ---
  duration_ms: 0.935166
  type: 'test'
  ...
# Subtest: reject invalid values and bounded steps
ok 6 - reject invalid values and bounded steps
  ---
  duration_ms: 0.273458
  type: 'test'
  ...
# Subtest: all alternatives deliver same fixed demand at small and large scale
ok 7 - all alternatives deliver same fixed demand at small and large scale
  ---
  duration_ms: 1.935334
  type: 'test'
  ...
# Subtest: delay moves owned commissioning, preserves demand and adds bridge/carrying
ok 8 - delay moves owned commissioning, preserves demand and adds bridge/carrying
  ---
  duration_ms: 0.912667
  type: 'test'
  ...
# Subtest: half demand preserves capital/fleet/staff and does not halve energy
ok 9 - half demand preserves capital/fleet/staff and does not halve energy
  ---
  duration_ms: 0.292917
  type: 'test'
  ...
# Subtest: tranche replacements follow age; year-4 expansion no duplicate fleet
ok 10 - tranche replacements follow age; year-4 expansion no duplicate fleet
  ---
  duration_ms: 0.72825
  type: 'test'
  ...
# Subtest: financing principal and unused allocation not double-counted
ok 11 - financing principal and unused allocation not double-counted
  ---
  duration_ms: 0.845917
  type: 'test'
  ...
# Subtest: zero demand gives unavailable unit metrics
ok 12 - zero demand gives unavailable unit metrics
  ---
  duration_ms: 0.2035
  type: 'test'
  ...
# Subtest: missing critical evidence and exact tie cannot force recommendation
ok 13 - missing critical evidence and exact tie cannot force recommendation
  ---
  duration_ms: 0.417667
  type: 'test'
  ...
# Subtest: deterministic reproducibility and complete sensitivity sweep
ok 14 - deterministic reproducibility and complete sensitivity sweep
  ---
  duration_ms: 16.549375
  type: 'test'
  ...
1..14
# tests 14
# suites 0
# pass 14
# fail 0
# cancelled 0
# skipped 0
# todo 0
# duration_ms 131.751416
